// Vitest Snapshot v1, https://vitest.dev/guide/snapshot.html

exports[`role matrix (docs/foundation-proposal.md §E) > matches the documented matrix exactly 1`] = `
{
  "admin": [
    "audit.read",
    "catalog.read",
    "catalog.write",
    "customers.read",
    "customers.write",
    "invoices.read",
    "invoices.send",
    "invoices.void",
    "invoices.write",
    "organization.manage",
    "payments.read",
    "payments.record",
    "payments.void",
    "quotes.decide",
    "quotes.read",
    "quotes.send",
    "quotes.write",
    "reports.read",
    "users.manage",
  ],
  "member": [
    "catalog.read",
    "catalog.write",
    "customers.read",
    "customers.write",
    "invoices.read",
    "invoices.send",
    "invoices.write",
    "payments.read",
    "quotes.decide",
    "quotes.read",
    "quotes.send",
    "quotes.write",
  ],
  "owner": [
    "audit.read",
    "billing.manage",
    "catalog.read",
    "catalog.write",
    "customers.read",
    "customers.write",
    "invoices.read",
    "invoices.send",
    "invoices.void",
    "invoices.write",
    "organization.delete",
    "organization.manage",
    "ownership.transfer",
    "payments.read",
    "payments.record",
    "payments.void",
    "quotes.decide",
    "quotes.read",
    "quotes.send",
    "quotes.write",
    "reports.read",
    "users.manage",
  ],
}
`;
